[2026-06-18 12:06:17] production.INFO: OTP Generated for Phone {"otp":375840,"otp_string":"375840","phone":"+916588212232"} 
[2026-06-18 12:06:29] production.INFO: OTP Verification Debug {"input_otp":"375840","stored_otp":"375840","is_stateless":false,"otp_created_at":"2026-06-18 12:06:17","string_comparison":true} 
[2026-06-18 12:07:23] production.INFO: OTP Generated for Phone {"otp":528167,"otp_string":"528167","phone":"+916588212232"} 
[2026-06-18 12:07:30] production.INFO: OTP Verification Debug {"input_otp":"528167","stored_otp":"528167","is_stateless":false,"otp_created_at":"2026-06-18 12:07:23","string_comparison":true} 
[2026-06-18 12:11:03] production.ERROR: PHP Parse error: Syntax error, unexpected '=' on line 1 {"exception":"[object] (Psy\\Exception\\ParseErrorException(code: 0): PHP Parse error: Syntax error, unexpected '=' on line 1 at D:\\PHP-Projects\\lifematchings\\httpdocs\\vendor\\psy\\psysh\\src\\Exception\\ParseErrorException.php:44)
[stacktrace]
#0 D:\\PHP-Projects\\lifematchings\\httpdocs\\vendor\\psy\\psysh\\src\\CodeCleaner.php(311): Psy\\Exception\\ParseErrorException::fromParseError(Object(PhpParser\\Error))
#1 D:\\PHP-Projects\\lifematchings\\httpdocs\\vendor\\psy\\psysh\\src\\CodeCleaner.php(240): Psy\\CodeCleaner->parse('<?php  = DB::se...', false)
#2 D:\\PHP-Projects\\lifematchings\\httpdocs\\vendor\\psy\\psysh\\src\\Shell.php(848): Psy\\CodeCleaner->clean(Array, false)
#3 D:\\PHP-Projects\\lifematchings\\httpdocs\\vendor\\psy\\psysh\\src\\Shell.php(877): Psy\\Shell->addCode(' = DB::select('...', true)
#4 D:\\PHP-Projects\\lifematchings\\httpdocs\\vendor\\psy\\psysh\\src\\Shell.php(1342): Psy\\Shell->setCode(' = DB::select('...', true)
#5 D:\\PHP-Projects\\lifematchings\\httpdocs\\vendor\\laravel\\tinker\\src\\Console\\TinkerCommand.php(76): Psy\\Shell->execute(' = DB::select('...')
#6 D:\\PHP-Projects\\lifematchings\\httpdocs\\vendor\\laravel\\framework\\src\\Illuminate\\Container\\BoundMethod.php(36): Laravel\\Tinker\\Console\\TinkerCommand->handle()
#7 D:\\PHP-Projects\\lifematchings\\httpdocs\\vendor\\laravel\\framework\\src\\Illuminate\\Container\\Util.php(41): Illuminate\\Container\\BoundMethod::Illuminate\\Container\\{closure}()
#8 D:\\PHP-Projects\\lifematchings\\httpdocs\\vendor\\laravel\\framework\\src\\Illuminate\\Container\\BoundMethod.php(93): Illuminate\\Container\\Util::unwrapIfClosure(Object(Closure))
#9 D:\\PHP-Projects\\lifematchings\\httpdocs\\vendor\\laravel\\framework\\src\\Illuminate\\Container\\BoundMethod.php(35): Illuminate\\Container\\BoundMethod::callBoundMethod(Object(Illuminate\\Foundation\\Application), Array, Object(Closure))
#10 D:\\PHP-Projects\\lifematchings\\httpdocs\\vendor\\laravel\\framework\\src\\Illuminate\\Container\\Container.php(661): Illuminate\\Container\\BoundMethod::call(Object(Illuminate\\Foundation\\Application), Array, Array, NULL)
#11 D:\\PHP-Projects\\lifematchings\\httpdocs\\vendor\\laravel\\framework\\src\\Illuminate\\Console\\Command.php(183): Illuminate\\Container\\Container->call(Array)
#12 D:\\PHP-Projects\\lifematchings\\httpdocs\\vendor\\symfony\\console\\Command\\Command.php(291): Illuminate\\Console\\Command->execute(Object(Symfony\\Component\\Console\\Input\\ArgvInput), Object(Illuminate\\Console\\OutputStyle))
#13 D:\\PHP-Projects\\lifematchings\\httpdocs\\vendor\\laravel\\framework\\src\\Illuminate\\Console\\Command.php(152): Symfony\\Component\\Console\\Command\\Command->run(Object(Symfony\\Component\\Console\\Input\\ArgvInput), Object(Illuminate\\Console\\OutputStyle))
#14 D:\\PHP-Projects\\lifematchings\\httpdocs\\vendor\\symfony\\console\\Application.php(1014): Illuminate\\Console\\Command->run(Object(Symfony\\Component\\Console\\Input\\ArgvInput), Object(Symfony\\Component\\Console\\Output\\ConsoleOutput))
#15 D:\\PHP-Projects\\lifematchings\\httpdocs\\vendor\\symfony\\console\\Application.php(301): Symfony\\Component\\Console\\Application->doRunCommand(Object(Laravel\\Tinker\\Console\\TinkerCommand), Object(Symfony\\Component\\Console\\Input\\ArgvInput), Object(Symfony\\Component\\Console\\Output\\ConsoleOutput))
#16 D:\\PHP-Projects\\lifematchings\\httpdocs\\vendor\\symfony\\console\\Application.php(171): Symfony\\Component\\Console\\Application->doRun(Object(Symfony\\Component\\Console\\Input\\ArgvInput), Object(Symfony\\Component\\Console\\Output\\ConsoleOutput))
#17 D:\\PHP-Projects\\lifematchings\\httpdocs\\vendor\\laravel\\framework\\src\\Illuminate\\Console\\Application.php(102): Symfony\\Component\\Console\\Application->run(Object(Symfony\\Component\\Console\\Input\\ArgvInput), Object(Symfony\\Component\\Console\\Output\\ConsoleOutput))
#18 D:\\PHP-Projects\\lifematchings\\httpdocs\\vendor\\laravel\\framework\\src\\Illuminate\\Foundation\\Console\\Kernel.php(155): Illuminate\\Console\\Application->run(Object(Symfony\\Component\\Console\\Input\\ArgvInput), Object(Symfony\\Component\\Console\\Output\\ConsoleOutput))
#19 D:\\PHP-Projects\\lifematchings\\httpdocs\\artisan(35): Illuminate\\Foundation\\Console\\Kernel->handle(Object(Symfony\\Component\\Console\\Input\\ArgvInput), Object(Symfony\\Component\\Console\\Output\\ConsoleOutput))
#20 {main}
"} 
[2026-06-18 12:11:27] production.ERROR: PHP Parse error: Syntax error, unexpected '=' on line 1 {"exception":"[object] (Psy\\Exception\\ParseErrorException(code: 0): PHP Parse error: Syntax error, unexpected '=' on line 1 at D:\\PHP-Projects\\lifematchings\\httpdocs\\vendor\\psy\\psysh\\src\\Exception\\ParseErrorException.php:44)
[stacktrace]
#0 D:\\PHP-Projects\\lifematchings\\httpdocs\\vendor\\psy\\psysh\\src\\CodeCleaner.php(311): Psy\\Exception\\ParseErrorException::fromParseError(Object(PhpParser\\Error))
#1 D:\\PHP-Projects\\lifematchings\\httpdocs\\vendor\\psy\\psysh\\src\\CodeCleaner.php(240): Psy\\CodeCleaner->parse('<?php session([...', false)
#2 D:\\PHP-Projects\\lifematchings\\httpdocs\\vendor\\psy\\psysh\\src\\Shell.php(848): Psy\\CodeCleaner->clean(Array, false)
#3 D:\\PHP-Projects\\lifematchings\\httpdocs\\vendor\\psy\\psysh\\src\\Shell.php(877): Psy\\Shell->addCode('session(['regis...', true)
#4 D:\\PHP-Projects\\lifematchings\\httpdocs\\vendor\\psy\\psysh\\src\\Shell.php(1342): Psy\\Shell->setCode('session(['regis...', true)
#5 D:\\PHP-Projects\\lifematchings\\httpdocs\\vendor\\laravel\\tinker\\src\\Console\\TinkerCommand.php(76): Psy\\Shell->execute('session(['regis...')
#6 D:\\PHP-Projects\\lifematchings\\httpdocs\\vendor\\laravel\\framework\\src\\Illuminate\\Container\\BoundMethod.php(36): Laravel\\Tinker\\Console\\TinkerCommand->handle()
#7 D:\\PHP-Projects\\lifematchings\\httpdocs\\vendor\\laravel\\framework\\src\\Illuminate\\Container\\Util.php(41): Illuminate\\Container\\BoundMethod::Illuminate\\Container\\{closure}()
#8 D:\\PHP-Projects\\lifematchings\\httpdocs\\vendor\\laravel\\framework\\src\\Illuminate\\Container\\BoundMethod.php(93): Illuminate\\Container\\Util::unwrapIfClosure(Object(Closure))
#9 D:\\PHP-Projects\\lifematchings\\httpdocs\\vendor\\laravel\\framework\\src\\Illuminate\\Container\\BoundMethod.php(35): Illuminate\\Container\\BoundMethod::callBoundMethod(Object(Illuminate\\Foundation\\Application), Array, Object(Closure))
#10 D:\\PHP-Projects\\lifematchings\\httpdocs\\vendor\\laravel\\framework\\src\\Illuminate\\Container\\Container.php(661): Illuminate\\Container\\BoundMethod::call(Object(Illuminate\\Foundation\\Application), Array, Array, NULL)
#11 D:\\PHP-Projects\\lifematchings\\httpdocs\\vendor\\laravel\\framework\\src\\Illuminate\\Console\\Command.php(183): Illuminate\\Container\\Container->call(Array)
#12 D:\\PHP-Projects\\lifematchings\\httpdocs\\vendor\\symfony\\console\\Command\\Command.php(291): Illuminate\\Console\\Command->execute(Object(Symfony\\Component\\Console\\Input\\ArgvInput), Object(Illuminate\\Console\\OutputStyle))
#13 D:\\PHP-Projects\\lifematchings\\httpdocs\\vendor\\laravel\\framework\\src\\Illuminate\\Console\\Command.php(152): Symfony\\Component\\Console\\Command\\Command->run(Object(Symfony\\Component\\Console\\Input\\ArgvInput), Object(Illuminate\\Console\\OutputStyle))
#14 D:\\PHP-Projects\\lifematchings\\httpdocs\\vendor\\symfony\\console\\Application.php(1014): Illuminate\\Console\\Command->run(Object(Symfony\\Component\\Console\\Input\\ArgvInput), Object(Symfony\\Component\\Console\\Output\\ConsoleOutput))
#15 D:\\PHP-Projects\\lifematchings\\httpdocs\\vendor\\symfony\\console\\Application.php(301): Symfony\\Component\\Console\\Application->doRunCommand(Object(Laravel\\Tinker\\Console\\TinkerCommand), Object(Symfony\\Component\\Console\\Input\\ArgvInput), Object(Symfony\\Component\\Console\\Output\\ConsoleOutput))
#16 D:\\PHP-Projects\\lifematchings\\httpdocs\\vendor\\symfony\\console\\Application.php(171): Symfony\\Component\\Console\\Application->doRun(Object(Symfony\\Component\\Console\\Input\\ArgvInput), Object(Symfony\\Component\\Console\\Output\\ConsoleOutput))
#17 D:\\PHP-Projects\\lifematchings\\httpdocs\\vendor\\laravel\\framework\\src\\Illuminate\\Console\\Application.php(102): Symfony\\Component\\Console\\Application->run(Object(Symfony\\Component\\Console\\Input\\ArgvInput), Object(Symfony\\Component\\Console\\Output\\ConsoleOutput))
#18 D:\\PHP-Projects\\lifematchings\\httpdocs\\vendor\\laravel\\framework\\src\\Illuminate\\Foundation\\Console\\Kernel.php(155): Illuminate\\Console\\Application->run(Object(Symfony\\Component\\Console\\Input\\ArgvInput), Object(Symfony\\Component\\Console\\Output\\ConsoleOutput))
#19 D:\\PHP-Projects\\lifematchings\\httpdocs\\artisan(35): Illuminate\\Foundation\\Console\\Kernel->handle(Object(Symfony\\Component\\Console\\Input\\ArgvInput), Object(Symfony\\Component\\Console\\Output\\ConsoleOutput))
#20 {main}
"} 
[2026-06-18 12:12:10] production.INFO: Register method called {"request_all":{"registration_method":"phone","on_behalf":1,"first_name":"John","last_name":"Doe","gender":1,"date_of_birth":"1995-05-15","timeOfBirth":"10:30","birthPlace":"Mumbai","country_code":"91","phone":"6588212232","otp":"528167","checkbox_example_1":"on"},"session_all":{"_token":"h3517AbDy5jSEbKvzgpbo5yaHmaxKixtB9bHnwHV","_previous":{"url":"http://:"},"_flash":{"old":[],"new":[]},"registration_otp":"528167","otp_verified":true,"registration_phone":"+916588212232"}} 
[2026-06-18 12:14:18] production.INFO: OTP Generated for Phone {"otp":686940,"otp_string":"686940","phone":"+916523506500"} 
[2026-06-18 12:16:04] production.INFO: Register method called {"request_all":{"_token":"TS7zvZhfbrAoTonGXpqwxNL0g0sFxnVgMtf2ywCC","on_behalf":"1","first_name":"gsjksdajd","last_name":"dsalddfls","gender":"1","date_of_birth":"2026-06-10","timeOfBirth":"16:48","birthPlace":"agra","registration_method":"phone","email":"kanolla@gmail.com","phone":"6523506500","country_code":"91","otp":"528167","checkbox_example_1":"on"},"session_all":{"_flash":{"old":[],"new":[]},"_token":"TS7zvZhfbrAoTonGXpqwxNL0g0sFxnVgMtf2ywCC","_previous":{"url":"http://127.0.0.1:8000/register"},"registration_otp":"686940","otp_created_at":"2026-06-18 12:14:18","registration_phone":"+916523506500","otp_verified":true}} 
[2026-06-18 12:16:06] production.INFO: Register method called {"request_all":{"_token":"TS7zvZhfbrAoTonGXpqwxNL0g0sFxnVgMtf2ywCC","on_behalf":"1","first_name":"gsjksdajd","last_name":"dsalddfls","gender":"1","date_of_birth":"2026-06-10","timeOfBirth":"16:48","birthPlace":"agra","registration_method":"phone","email":"kanolla@gmail.com","phone":"6523506500","country_code":"91","otp":"528167","checkbox_example_1":"on"},"session_all":{"_flash":{"old":["_old_input","errors"],"new":[]},"_token":"TS7zvZhfbrAoTonGXpqwxNL0g0sFxnVgMtf2ywCC","_previous":{"url":"http://127.0.0.1:8000/register"},"registration_otp":"686940","otp_created_at":"2026-06-18 12:14:18","registration_phone":"+916523506500","otp_verified":true,"_old_input":{"_token":"TS7zvZhfbrAoTonGXpqwxNL0g0sFxnVgMtf2ywCC","on_behalf":"1","first_name":"gsjksdajd","last_name":"dsalddfls","gender":"1","date_of_birth":"2026-06-10","timeOfBirth":"16:48","birthPlace":"agra","registration_method":"phone","email":"kanolla@gmail.com","phone":"6523506500","country_code":"91","otp":"528167","checkbox_example_1":"on"},"errors":{"Illuminate\\Support\\ViewErrorBag":"{\"email\":[\"An user exists with this email\"]}"}}} 
[2026-06-18 12:16:07] production.INFO: Register method called {"request_all":{"_token":"TS7zvZhfbrAoTonGXpqwxNL0g0sFxnVgMtf2ywCC","on_behalf":"1","first_name":"gsjksdajd","last_name":"dsalddfls","gender":"1","date_of_birth":"2026-06-10","timeOfBirth":"16:48","birthPlace":"agra","registration_method":"phone","email":"kanolla@gmail.com","phone":"6523506500","country_code":"91","otp":"528167","checkbox_example_1":"on"},"session_all":{"_flash":{"old":["_old_input","errors"],"new":[]},"_token":"TS7zvZhfbrAoTonGXpqwxNL0g0sFxnVgMtf2ywCC","_previous":{"url":"http://127.0.0.1:8000/register"},"registration_otp":"686940","otp_created_at":"2026-06-18 12:14:18","registration_phone":"+916523506500","otp_verified":true,"_old_input":{"_token":"TS7zvZhfbrAoTonGXpqwxNL0g0sFxnVgMtf2ywCC","on_behalf":"1","first_name":"gsjksdajd","last_name":"dsalddfls","gender":"1","date_of_birth":"2026-06-10","timeOfBirth":"16:48","birthPlace":"agra","registration_method":"phone","email":"kanolla@gmail.com","phone":"6523506500","country_code":"91","otp":"528167","checkbox_example_1":"on"},"errors":{"Illuminate\\Support\\ViewErrorBag":"{\"email\":[\"An user exists with this email\"]}"}}} 
[2026-06-18 12:16:08] production.INFO: Register method called {"request_all":{"_token":"TS7zvZhfbrAoTonGXpqwxNL0g0sFxnVgMtf2ywCC","on_behalf":"1","first_name":"gsjksdajd","last_name":"dsalddfls","gender":"1","date_of_birth":"2026-06-10","timeOfBirth":"16:48","birthPlace":"agra","registration_method":"phone","email":"kanolla@gmail.com","phone":"6523506500","country_code":"91","otp":"528167","checkbox_example_1":"on"},"session_all":{"_flash":{"old":["_old_input","errors"],"new":[]},"_token":"TS7zvZhfbrAoTonGXpqwxNL0g0sFxnVgMtf2ywCC","_previous":{"url":"http://127.0.0.1:8000/register"},"registration_otp":"686940","otp_created_at":"2026-06-18 12:14:18","registration_phone":"+916523506500","otp_verified":true,"_old_input":{"_token":"TS7zvZhfbrAoTonGXpqwxNL0g0sFxnVgMtf2ywCC","on_behalf":"1","first_name":"gsjksdajd","last_name":"dsalddfls","gender":"1","date_of_birth":"2026-06-10","timeOfBirth":"16:48","birthPlace":"agra","registration_method":"phone","email":"kanolla@gmail.com","phone":"6523506500","country_code":"91","otp":"528167","checkbox_example_1":"on"},"errors":{"Illuminate\\Support\\ViewErrorBag":"{\"email\":[\"An user exists with this email\"]}"}}} 
[2026-06-18 12:16:09] production.INFO: Register method called {"request_all":{"_token":"TS7zvZhfbrAoTonGXpqwxNL0g0sFxnVgMtf2ywCC","on_behalf":"1","first_name":"gsjksdajd","last_name":"dsalddfls","gender":"1","date_of_birth":"2026-06-10","timeOfBirth":"16:48","birthPlace":"agra","registration_method":"phone","email":"kanolla@gmail.com","phone":"6523506500","country_code":"91","otp":"528167","checkbox_example_1":"on"},"session_all":{"_flash":{"old":["_old_input","errors"],"new":[]},"_token":"TS7zvZhfbrAoTonGXpqwxNL0g0sFxnVgMtf2ywCC","_previous":{"url":"http://127.0.0.1:8000/register"},"registration_otp":"686940","otp_created_at":"2026-06-18 12:14:18","registration_phone":"+916523506500","otp_verified":true,"_old_input":{"_token":"TS7zvZhfbrAoTonGXpqwxNL0g0sFxnVgMtf2ywCC","on_behalf":"1","first_name":"gsjksdajd","last_name":"dsalddfls","gender":"1","date_of_birth":"2026-06-10","timeOfBirth":"16:48","birthPlace":"agra","registration_method":"phone","email":"kanolla@gmail.com","phone":"6523506500","country_code":"91","otp":"528167","checkbox_example_1":"on"},"errors":{"Illuminate\\Support\\ViewErrorBag":"{\"email\":[\"An user exists with this email\"]}"}}} 
[2026-06-18 12:16:10] production.INFO: Register method called {"request_all":{"_token":"TS7zvZhfbrAoTonGXpqwxNL0g0sFxnVgMtf2ywCC","on_behalf":"1","first_name":"gsjksdajd","last_name":"dsalddfls","gender":"1","date_of_birth":"2026-06-10","timeOfBirth":"16:48","birthPlace":"agra","registration_method":"phone","email":"kanolla@gmail.com","phone":"6523506500","country_code":"91","otp":"528167","checkbox_example_1":"on"},"session_all":{"_flash":{"old":["_old_input","errors"],"new":[]},"_token":"TS7zvZhfbrAoTonGXpqwxNL0g0sFxnVgMtf2ywCC","_previous":{"url":"http://127.0.0.1:8000/register"},"registration_otp":"686940","otp_created_at":"2026-06-18 12:14:18","registration_phone":"+916523506500","otp_verified":true,"_old_input":{"_token":"TS7zvZhfbrAoTonGXpqwxNL0g0sFxnVgMtf2ywCC","on_behalf":"1","first_name":"gsjksdajd","last_name":"dsalddfls","gender":"1","date_of_birth":"2026-06-10","timeOfBirth":"16:48","birthPlace":"agra","registration_method":"phone","email":"kanolla@gmail.com","phone":"6523506500","country_code":"91","otp":"528167","checkbox_example_1":"on"},"errors":{"Illuminate\\Support\\ViewErrorBag":"{\"email\":[\"An user exists with this email\"]}"}}} 
[2026-06-18 12:17:29] production.INFO: OTP Generated for Phone {"otp":698270,"otp_string":"698270","phone":"+918455222001"} 
[2026-06-18 12:17:35] production.INFO: OTP Verification Debug {"input_otp":"698270","stored_otp":"698270","is_stateless":false,"otp_created_at":"2026-06-18 12:17:29","string_comparison":true} 
[2026-06-18 12:17:58] production.INFO: Register method called {"request_all":{"_token":"GR8KArP5LkgefiCdHe6qXrj0c3rVt48gQgKcNkCF","on_behalf":"1","first_name":"Test","last_name":"tets","gender":"1","date_of_birth":"2026-06-03","timeOfBirth":"16:51","birthPlace":"agra","registration_method":"phone","email":"kanolla@gmail.com","phone":"8455222001","country_code":"91","otp":"698270","checkbox_example_1":"on"},"session_all":{"_token":"GR8KArP5LkgefiCdHe6qXrj0c3rVt48gQgKcNkCF","_previous":{"url":"http://127.0.0.1:8000/register"},"_flash":{"old":[],"new":[]},"registration_otp":"698270","otp_created_at":"2026-06-18 12:17:29","registration_phone":"+918455222001","otp_verified":true}} 
[2026-06-18 12:21:24] production.INFO: Register method called {"request_all":{"_token":"awXyKFyba4u5TcAb7sIeIhCiSPRvwO9eHtIxoyOy","on_behalf":1,"first_name":"Test","last_name":"User","gender":1,"date_of_birth":"1995-05-15","timeOfBirth":"10:30","birthPlace":"Mumbai","registration_method":"phone","phone":"9999999999","country_code":"91","otp":"123456","checkbox_example_1":"on"},"session_all":{"_token":"awXyKFyba4u5TcAb7sIeIhCiSPRvwO9eHtIxoyOy","_previous":{"url":"http://:"},"_flash":{"old":[],"new":[]},"registration_otp":"123456","otp_verified":true,"registration_phone":"+919999999999"}} 
[2026-06-18 12:22:39] production.INFO: OTP Generated for Phone {"otp":183265,"otp_string":"183265","phone":"+916232356560"} 
[2026-06-18 12:24:16] production.INFO: OTP Generated for Phone {"otp":602442,"otp_string":"602442","phone":"+916981120012"} 
[2026-06-18 12:25:04] production.INFO: OTP Verification Debug {"input_otp":"602442","stored_otp":"602442","is_stateless":false,"otp_created_at":"2026-06-18 12:24:16","string_comparison":true} 
[2026-06-18 12:25:24] production.INFO: Register method called {"request_all":{"_token":"GR8KArP5LkgefiCdHe6qXrj0c3rVt48gQgKcNkCF","on_behalf":"1","first_name":"sdfdsffds","last_name":"sdffds","gender":"1","date_of_birth":"2026-06-11","timeOfBirth":"16:57","birthPlace":"punjab","registration_method":"phone","email":null,"phone":"6981120012","country_code":"91","otp":"602442","checkbox_example_1":"on"},"session_all":{"_token":"GR8KArP5LkgefiCdHe6qXrj0c3rVt48gQgKcNkCF","_previous":{"url":"http://127.0.0.1:8000/register"},"_flash":{"old":[],"new":[]},"registration_otp":"602442","otp_created_at":"2026-06-18 12:24:16","registration_phone":"+916981120012","otp_verified":true}} 
[2026-06-18 12:27:33] production.INFO: OTP Generated for Email {"otp":860851,"otp_string":"860851","email":"dsffdfsdfds@gmail.com"} 
[2026-06-18 12:27:39] production.INFO: OTP Verification Debug {"input_otp":"860851","stored_otp":"860851","is_stateless":false,"otp_created_at":"2026-06-18 12:27:33","string_comparison":true} 
[2026-06-18 12:27:49] production.INFO: Register method called {"request_all":{"_token":"mC9UYVbab0HDsNuIaz6mihhz8Xg025Dlk0VWDSTG","on_behalf":"1","first_name":"fdsfsg","last_name":"fsdfdfds","gender":"1","date_of_birth":"2026-06-03","timeOfBirth":"16:01","birthPlace":"fsdfdsfd","registration_method":"email","email":"dsffdfsdfds@gmail.com","phone":null,"country_code":"91","otp":"860851","checkbox_example_1":"on"},"session_all":{"_flash":{"old":[],"new":[]},"_token":"mC9UYVbab0HDsNuIaz6mihhz8Xg025Dlk0VWDSTG","_previous":{"url":"http://127.0.0.1:8000/register"},"registration_otp":"860851","otp_created_at":"2026-06-18 12:27:33","registration_email":"dsffdfsdfds@gmail.com","otp_verified":true}} 
[2026-06-18 12:46:24] production.INFO: OTP Generated for Phone {"otp":394419,"otp_string":"394419","phone":"+916565165650"} 
[2026-06-18 12:52:26] production.INFO: OTP Generated for Email {"otp":762895,"otp_string":"762895","email":"gevixe4855@preparmy.com"} 
[2026-06-18 12:54:40] production.INFO: OTP Generated for Phone {"otp":291703,"otp_string":"291703","phone":"+916523206265"} 
[2026-06-18 12:55:32] production.INFO: OTP Verification Debug {"input_otp":"335247","stored_otp":"291703","is_stateless":false,"otp_created_at":"2026-06-18 12:54:40","string_comparison":false} 
[2026-06-18 12:57:23] production.INFO: OTP Verification Debug {"input_otp":"335247","stored_otp":"291703","is_stateless":false,"otp_created_at":"2026-06-18 12:54:40","string_comparison":false} 
[2026-06-18 12:58:36] production.INFO: OTP Generated for Phone {"otp":687972,"otp_string":"687972","phone":"+916523206265"} 
[2026-06-22 08:32:04] production.INFO: OTP Generated for Email {"otp":870433,"otp_string":"870433","email":"sesak32653@synsky.com"} 
[2026-06-22 08:32:26] production.INFO: OTP Verification Debug {"input_otp":"870433","stored_otp":"870433","is_stateless":false,"otp_created_at":"2026-06-22 08:32:04","string_comparison":true} 
[2026-06-22 08:32:28] production.INFO: Register method called {"request_all":{"_token":"ylrsXuLvbxc1vjSQJKE8iLpnYrXFAvEm06IEaeZF","on_behalf":"1","first_name":"test","last_name":"tehsk","gender":"1","date_of_birth":"2026-06-17","timeOfBirth":"13:05","birthPlace":"agra","registration_method":"email","email":"sesak32653@synsky.com","phone":null,"country_code":"91","otp":"870433","checkbox_example_1":"on"},"session_all":{"_flash":{"old":[],"new":[]},"_token":"ylrsXuLvbxc1vjSQJKE8iLpnYrXFAvEm06IEaeZF","_previous":{"url":"http://127.0.0.1:8000/register"},"registration_otp":"870433","otp_created_at":"2026-06-22 08:32:04","registration_email":"sesak32653@synsky.com","otp_verified":true}} 
